2026-01-03 10:12:34 Ping start http://localhost:4200/warm
2026-01-03 10:12:39 Ping ok (200)
2026-01-03 10:27:34 Ping start http://localhost:4200/warm
2026-01-03 10:27:39 Ping ok (200)
2026-01-03 10:35:51 Ping start http://localhost:4200/warm
2026-01-03 10:35:56 Ping failed: Unable to connect to the remote server
2026-01-03 10:50:37 Ping start http://localhost:4200/warm
2026-01-03 10:50:43 Ping ok (200)
2026-01-03 11:05:37 Ping start http://localhost:4200/warm
2026-01-03 11:05:43 Ping ok (200)
2026-01-03 11:20:37 Ping start http://localhost:4200/warm
2026-01-03 11:20:42 Ping ok (200)
2026-01-03 11:35:37 Ping start http://localhost:4200/warm
2026-01-03 11:35:45 Ping ok (200)
2026-01-03 12:37:21 Ping start http://localhost:4200/warm
2026-01-03 12:37:29 Ping ok (200)
2026-01-03 12:52:21 Ping start http://localhost:4200/warm
2026-01-03 12:52:26 Ping ok (200)
2026-01-03 12:58:12 Ping start http://localhost:4200/warm
2026-01-03 12:58:16 Ping failed: Unable to connect to the remote server
2026-01-03 12:58:48 Ping start http://localhost:4200/warm
2026-01-03 12:58:55 Ping ok (200)
2026-01-03 13:13:07 Ping start http://localhost:4200/warm
2026-01-03 13:13:13 Ping ok (200)
2026-01-03 13:13:47 Ping start http://localhost:4200/warm
2026-01-03 13:13:49 Ping ok (200)
2026-01-03 13:28:07 Ping start http://localhost:4200/warm
2026-01-03 13:28:12 Ping ok (200)
2026-01-03 13:28:47 Ping start http://localhost:4200/warm
2026-01-03 13:28:49 Ping ok (200)
2026-01-03 13:41:18 Ping start http://localhost:4200/warm
2026-01-03 13:41:24 Ping failed: Unable to connect to the remote server
2026-01-03 13:56:03 Ping start http://localhost:4200/warm
2026-01-03 13:56:10 Ping ok (200)
2026-01-03 14:11:03 Ping start http://localhost:4200/warm
2026-01-03 14:11:11 Ping ok (200)
2026-01-03 14:26:03 Ping start http://localhost:4200/warm
2026-01-03 14:26:08 Ping ok (200)
2026-01-03 14:41:03 Ping start http://localhost:4200/warm
2026-01-03 14:41:09 Ping ok (200)
2026-01-03 14:56:03 Ping start http://localhost:4200/warm
2026-01-03 14:56:09 Ping ok (200)
2026-01-03 15:11:03 Ping start http://localhost:4200/warm
2026-01-03 15:11:08 Ping ok (200)
2026-01-03 15:26:03 Ping start http://localhost:4200/warm
2026-01-03 15:26:08 Ping ok (200)
2026-01-03 15:41:03 Ping start http://localhost:4200/warm
2026-01-03 15:41:08 Ping ok (200)
2026-01-03 15:56:03 Ping start http://localhost:4200/warm
2026-01-03 15:56:08 Ping ok (200)
2026-01-03 16:11:03 Ping start http://localhost:4200/warm
2026-01-03 16:11:09 Ping ok (200)
2026-01-03 16:26:03 Ping start http://localhost:4200/warm
2026-01-03 16:26:11 Ping ok (200)
2026-01-03 16:41:03 Ping start http://localhost:4200/warm
2026-01-03 16:41:08 Ping ok (200)
2026-01-03 16:56:03 Ping start http://localhost:4200/warm
2026-01-03 16:56:08 Ping ok (200)
2026-01-03 17:11:03 Ping start http://localhost:4200/warm
2026-01-03 17:11:08 Ping ok (200)
2026-01-03 17:26:03 Ping start http://localhost:4200/warm
2026-01-03 17:26:08 Ping ok (200)
2026-01-03 17:41:03 Ping start http://localhost:4200/warm
2026-01-03 17:41:08 Ping ok (200)
2026-01-03 17:56:03 Ping start http://localhost:4200/warm
2026-01-03 17:56:13 Ping failed: The operation has timed out.
2026-01-03 18:11:03 Ping start http://localhost:4200/warm
2026-01-03 18:11:08 Ping ok (200)
2026-01-03 18:26:03 Ping start http://localhost:4200/warm
2026-01-03 18:26:08 Ping ok (200)
2026-01-03 18:41:03 Ping start http://localhost:4200/warm
2026-01-03 18:41:09 Ping ok (200)
2026-01-03 18:56:03 Ping start http://localhost:4200/warm
2026-01-03 18:56:08 Ping ok (200)
2026-01-03 19:11:03 Ping start http://localhost:4200/warm
2026-01-03 19:11:09 Ping ok (200)
2026-01-03 19:26:03 Ping start http://localhost:4200/warm
2026-01-03 19:26:08 Ping ok (200)
2026-01-03 19:41:03 Ping start http://localhost:4200/warm
2026-01-03 19:41:08 Ping ok (200)
2026-01-03 19:56:03 Ping start http://localhost:4200/warm
2026-01-03 19:56:13 Ping failed: The operation has timed out.
2026-01-03 20:11:03 Ping start http://localhost:4200/warm
2026-01-03 20:11:09 Ping ok (200)
2026-01-03 20:26:03 Ping start http://localhost:4200/warm
2026-01-03 20:26:09 Ping ok (200)
2026-01-03 20:41:03 Ping start http://localhost:4200/warm
2026-01-03 20:41:08 Ping ok (200)
2026-01-03 20:56:03 Ping start http://localhost:4200/warm
2026-01-03 20:56:09 Ping ok (200)
2026-01-03 21:11:03 Ping start http://localhost:4200/warm
2026-01-03 21:11:09 Ping ok (200)
2026-01-03 21:26:03 Ping start http://localhost:4200/warm
2026-01-03 21:26:09 Ping ok (200)
2026-01-03 21:41:03 Ping start http://localhost:4200/warm
2026-01-03 21:41:08 Ping ok (200)
2026-01-03 21:56:04 Ping start http://localhost:4200/warm
2026-01-03 21:56:10 Ping ok (200)
2026-01-03 22:11:03 Ping start http://localhost:4200/warm
2026-01-03 22:11:08 Ping ok (200)
2026-01-03 22:26:03 Ping start http://localhost:4200/warm
2026-01-03 22:26:09 Ping ok (200)
2026-01-03 22:41:03 Ping start http://localhost:4200/warm
2026-01-03 22:41:08 Ping ok (200)
2026-01-03 22:56:03 Ping start http://localhost:4200/warm
2026-01-03 22:56:09 Ping ok (200)
2026-01-03 23:11:03 Ping start http://localhost:4200/warm
2026-01-03 23:11:09 Ping ok (200)
2026-01-03 23:26:03 Ping start http://localhost:4200/warm
2026-01-03 23:26:09 Ping ok (200)
2026-01-03 23:41:03 Ping start http://localhost:4200/warm
2026-01-03 23:41:09 Ping ok (200)
2026-01-03 23:56:03 Ping start http://localhost:4200/warm
2026-01-03 23:56:09 Ping ok (200)
2026-01-04 00:11:03 Ping start http://localhost:4200/warm
2026-01-04 00:11:10 Ping ok (200)
2026-01-04 00:26:03 Ping start http://localhost:4200/warm
2026-01-04 00:26:08 Ping ok (200)
2026-01-04 00:41:03 Ping start http://localhost:4200/warm
2026-01-04 00:41:08 Ping ok (200)
2026-01-04 00:56:03 Ping start http://localhost:4200/warm
2026-01-04 00:56:09 Ping ok (200)
2026-01-04 01:11:03 Ping start http://localhost:4200/warm
2026-01-04 01:11:09 Ping ok (200)
2026-01-04 01:26:03 Ping start http://localhost:4200/warm
2026-01-04 01:26:08 Ping ok (200)
2026-01-04 01:41:03 Ping start http://localhost:4200/warm
2026-01-04 01:41:09 Ping ok (200)
2026-01-04 01:56:03 Ping start http://localhost:4200/warm
2026-01-04 01:56:08 Ping ok (200)
2026-01-04 02:11:03 Ping start http://localhost:4200/warm
2026-01-04 02:11:08 Ping ok (200)
2026-01-04 02:26:03 Ping start http://localhost:4200/warm
2026-01-04 02:26:09 Ping ok (200)
2026-01-04 02:41:03 Ping start http://localhost:4200/warm
2026-01-04 02:41:08 Ping ok (200)
2026-01-04 02:56:03 Ping start http://localhost:4200/warm
2026-01-04 02:56:08 Ping ok (200)
2026-01-04 03:11:03 Ping start http://localhost:4200/warm
2026-01-04 03:11:08 Ping ok (200)
2026-01-04 03:26:03 Ping start http://localhost:4200/warm
2026-01-04 03:26:08 Ping ok (200)
2026-01-04 03:41:03 Ping start http://localhost:4200/warm
2026-01-04 03:41:10 Ping ok (200)
2026-01-04 03:56:03 Ping start http://localhost:4200/warm
2026-01-04 03:56:08 Ping ok (200)
2026-01-04 04:11:03 Ping start http://localhost:4200/warm
2026-01-04 04:11:10 Ping ok (200)
2026-01-04 04:26:03 Ping start http://localhost:4200/warm
2026-01-04 04:26:08 Ping ok (200)
2026-01-04 04:41:03 Ping start http://localhost:4200/warm
2026-01-04 04:41:08 Ping ok (200)
2026-01-04 04:56:03 Ping start http://localhost:4200/warm
2026-01-04 04:56:08 Ping ok (200)
2026-01-04 05:11:03 Ping start http://localhost:4200/warm
2026-01-04 05:11:09 Ping ok (200)
2026-01-04 05:26:03 Ping start http://localhost:4200/warm
2026-01-04 05:26:08 Ping ok (200)
2026-01-04 05:41:03 Ping start http://localhost:4200/warm
2026-01-04 05:41:09 Ping ok (200)
2026-01-04 05:56:03 Ping start http://localhost:4200/warm
2026-01-04 05:56:09 Ping ok (200)
2026-01-04 06:11:03 Ping start http://localhost:4200/warm
2026-01-04 06:11:09 Ping ok (200)
2026-01-04 06:26:03 Ping start http://localhost:4200/warm
2026-01-04 06:26:08 Ping ok (200)
2026-01-04 06:41:03 Ping start http://localhost:4200/warm
2026-01-04 06:41:08 Ping ok (200)
2026-01-04 06:56:03 Ping start http://localhost:4200/warm
2026-01-04 06:56:09 Ping ok (200)
2026-01-04 07:11:03 Ping start http://localhost:4200/warm
2026-01-04 07:11:09 Ping ok (200)
2026-01-04 07:26:03 Ping start http://localhost:4200/warm
2026-01-04 07:26:09 Ping ok (200)
2026-01-04 07:41:03 Ping start http://localhost:4200/warm
2026-01-04 07:41:09 Ping ok (200)
2026-01-04 07:56:03 Ping start http://localhost:4200/warm
2026-01-04 07:56:08 Ping ok (200)
2026-01-04 08:11:03 Ping start http://localhost:4200/warm
2026-01-04 08:11:08 Ping ok (200)
2026-01-04 08:26:03 Ping start http://localhost:4200/warm
2026-01-04 08:26:09 Ping ok (200)
2026-01-04 08:41:03 Ping start http://localhost:4200/warm
2026-01-04 08:41:08 Ping ok (200)
2026-01-04 08:56:03 Ping start http://localhost:4200/warm
2026-01-04 08:56:08 Ping ok (200)
2026-01-04 09:11:03 Ping start http://localhost:4200/warm
2026-01-04 09:11:08 Ping ok (200)
2026-01-04 09:26:03 Ping start http://localhost:4200/warm
2026-01-04 09:26:08 Ping ok (200)
2026-01-04 09:41:03 Ping start http://localhost:4200/warm
2026-01-04 09:41:08 Ping ok (200)
2026-01-04 09:56:03 Ping start http://localhost:4200/warm
2026-01-04 09:56:09 Ping ok (200)
2026-01-04 10:11:03 Ping start http://localhost:4200/warm
2026-01-04 10:11:08 Ping ok (200)
2026-01-04 10:26:03 Ping start http://localhost:4200/warm
2026-01-04 10:26:08 Ping ok (200)
2026-01-04 10:41:03 Ping start http://localhost:4200/warm
2026-01-04 10:41:08 Ping ok (200)
2026-01-04 10:56:03 Ping start http://localhost:4200/warm
2026-01-04 10:56:13 Ping failed: The operation has timed out.
2026-01-04 11:11:03 Ping start http://localhost:4200/warm
2026-01-04 11:11:09 Ping ok (200)
2026-01-04 11:26:03 Ping start http://localhost:4200/warm
2026-01-04 11:26:13 Ping failed: The operation has timed out.
2026-01-04 11:41:03 Ping start http://localhost:4200/warm
2026-01-04 11:41:08 Ping ok (200)
2026-01-04 11:56:03 Ping start http://localhost:4200/warm
2026-01-04 11:56:09 Ping ok (200)
2026-01-04 11:57:46 Ping start http://localhost:4200/warm
2026-01-04 11:57:51 Ping failed: Unable to connect to the remote server
2026-01-04 12:12:39 Ping start http://localhost:4200/warm
2026-01-04 12:12:50 Ping failed: The operation has timed out.
2026-01-04 12:27:38 Ping start http://localhost:4200/warm
2026-01-04 12:27:45 Ping ok (200)
2026-01-04 12:42:38 Ping start http://localhost:4200/warm
2026-01-04 12:42:43 Ping ok (200)
2026-01-04 12:57:38 Ping start http://localhost:4200/warm
2026-01-04 12:57:44 Ping ok (200)
2026-01-04 13:12:38 Ping start http://localhost:4200/warm
2026-01-04 13:12:44 Ping ok (200)
2026-01-04 13:27:38 Ping start http://localhost:4200/warm
2026-01-04 13:27:43 Ping ok (200)
2026-01-04 13:42:38 Ping start http://localhost:4200/warm
2026-01-04 13:42:44 Ping ok (200)
2026-01-04 13:57:38 Ping start http://localhost:4200/warm
2026-01-04 13:57:43 Ping ok (200)
2026-01-04 14:12:38 Ping start http://localhost:4200/warm
2026-01-04 14:12:48 Ping failed: The operation has timed out.
2026-01-04 14:27:38 Ping start http://localhost:4200/warm
2026-01-04 14:27:43 Ping ok (200)
2026-01-04 14:42:38 Ping start http://localhost:4200/warm
2026-01-04 14:42:43 Ping ok (200)
2026-01-04 14:57:38 Ping start http://localhost:4200/warm
2026-01-04 14:57:43 Ping ok (200)
2026-01-04 15:12:38 Ping start http://localhost:4200/warm
2026-01-04 15:12:44 Ping ok (200)
2026-01-04 15:27:38 Ping start http://localhost:4200/warm
2026-01-04 15:27:44 Ping ok (200)
2026-01-04 15:42:38 Ping start http://localhost:4200/warm
2026-01-04 15:42:46 Ping ok (200)
2026-01-04 15:57:38 Ping start http://localhost:4200/warm
2026-01-04 15:57:44 Ping ok (200)
2026-01-04 16:12:38 Ping start http://localhost:4200/warm
2026-01-04 16:12:43 Ping ok (200)
2026-01-04 16:27:38 Ping start http://localhost:4200/warm
2026-01-04 16:27:44 Ping ok (200)
2026-01-04 16:42:38 Ping start http://localhost:4200/warm
2026-01-04 16:42:43 Ping ok (200)
2026-01-04 16:57:38 Ping start http://localhost:4200/warm
2026-01-04 16:57:48 Ping failed: The operation has timed out.
2026-01-04 17:12:38 Ping start http://localhost:4200/warm
2026-01-04 17:12:48 Ping failed: The operation has timed out.
2026-01-04 17:27:38 Ping start http://localhost:4200/warm
2026-01-04 17:27:43 Ping ok (200)
2026-01-04 17:42:38 Ping start http://localhost:4200/warm
2026-01-04 17:42:43 Ping ok (200)
2026-01-04 17:57:38 Ping start http://localhost:4200/warm
2026-01-04 17:57:43 Ping ok (200)
2026-01-04 18:12:38 Ping start http://localhost:4200/warm
2026-01-04 18:12:43 Ping ok (200)
2026-01-04 18:27:38 Ping start http://localhost:4200/warm
2026-01-04 18:27:43 Ping ok (200)
2026-01-04 18:42:38 Ping start http://localhost:4200/warm
2026-01-04 18:42:44 Ping ok (200)
2026-01-04 18:57:38 Ping start http://localhost:4200/warm
2026-01-04 18:57:43 Ping ok (200)
2026-01-04 19:12:38 Ping start http://localhost:4200/warm
2026-01-04 19:12:43 Ping ok (200)
2026-01-04 19:27:38 Ping start http://localhost:4200/warm
2026-01-04 19:27:46 Ping ok (200)
2026-01-04 19:42:38 Ping start http://localhost:4200/warm
2026-01-04 19:42:44 Ping ok (200)
2026-01-04 19:57:38 Ping start http://localhost:4200/warm
2026-01-04 19:57:43 Ping ok (200)
2026-01-04 20:12:38 Ping start http://localhost:4200/warm
2026-01-04 20:12:43 Ping ok (200)
2026-01-04 20:27:38 Ping start http://localhost:4200/warm
2026-01-04 20:27:44 Ping ok (200)
2026-01-04 20:42:38 Ping start http://localhost:4200/warm
2026-01-04 20:42:43 Ping ok (200)
2026-01-04 20:57:38 Ping start http://localhost:4200/warm
2026-01-04 20:57:43 Ping ok (200)
2026-01-04 21:12:38 Ping start http://localhost:4200/warm
2026-01-04 21:12:43 Ping ok (200)
2026-01-04 21:27:38 Ping start http://localhost:4200/warm
2026-01-04 21:27:44 Ping ok (200)
2026-01-04 21:42:38 Ping start http://localhost:4200/warm
2026-01-04 21:42:43 Ping ok (200)
2026-01-04 21:57:38 Ping start http://localhost:4200/warm
2026-01-04 21:57:44 Ping ok (200)
2026-01-04 22:12:38 Ping start http://localhost:4200/warm
2026-01-04 22:12:44 Ping ok (200)
2026-01-04 22:27:38 Ping start http://localhost:4200/warm
2026-01-04 22:27:43 Ping ok (200)
2026-01-04 22:42:38 Ping start http://localhost:4200/warm
2026-01-04 22:42:43 Ping ok (200)
2026-01-04 22:57:38 Ping start http://localhost:4200/warm
2026-01-04 22:57:45 Ping ok (200)
2026-01-04 23:12:38 Ping start http://localhost:4200/warm
2026-01-04 23:12:43 Ping ok (200)
2026-01-04 23:27:38 Ping start http://localhost:4200/warm
2026-01-04 23:27:43 Ping ok (200)
2026-01-04 23:42:38 Ping start http://localhost:4200/warm
2026-01-04 23:42:43 Ping ok (200)
2026-01-04 23:57:38 Ping start http://localhost:4200/warm
2026-01-04 23:57:43 Ping ok (200)
2026-01-05 00:12:38 Ping start http://localhost:4200/warm
2026-01-05 00:12:44 Ping ok (200)
2026-01-05 00:27:38 Ping start http://localhost:4200/warm
2026-01-05 00:27:43 Ping ok (200)
2026-01-05 00:42:38 Ping start http://localhost:4200/warm
2026-01-05 00:42:44 Ping ok (200)
2026-01-05 00:57:38 Ping start http://localhost:4200/warm
2026-01-05 00:57:43 Ping ok (200)
2026-01-05 01:12:38 Ping start http://localhost:4200/warm
2026-01-05 01:12:43 Ping ok (200)
2026-01-05 01:27:38 Ping start http://localhost:4200/warm
2026-01-05 01:27:43 Ping ok (200)
2026-01-05 01:42:38 Ping start http://localhost:4200/warm
2026-01-05 01:42:43 Ping ok (200)
2026-01-05 01:57:38 Ping start http://localhost:4200/warm
2026-01-05 01:57:43 Ping ok (200)
2026-01-05 02:12:38 Ping start http://localhost:4200/warm
2026-01-05 02:12:43 Ping ok (200)
2026-01-05 02:27:38 Ping start http://localhost:4200/warm
2026-01-05 02:27:43 Ping ok (200)
2026-01-05 02:42:38 Ping start http://localhost:4200/warm
2026-01-05 02:42:43 Ping ok (200)
2026-01-05 02:57:38 Ping start http://localhost:4200/warm
2026-01-05 02:57:43 Ping ok (200)
2026-01-05 03:12:38 Ping start http://localhost:4200/warm
2026-01-05 03:12:43 Ping ok (200)
2026-01-05 03:27:38 Ping start http://localhost:4200/warm
2026-01-05 03:27:43 Ping ok (200)
2026-01-05 03:42:38 Ping start http://localhost:4200/warm
2026-01-05 03:42:48 Ping failed: The operation has timed out.
2026-01-05 03:57:38 Ping start http://localhost:4200/warm
2026-01-05 03:57:43 Ping ok (200)
2026-01-05 04:12:38 Ping start http://localhost:4200/warm
2026-01-05 04:12:43 Ping ok (200)
2026-01-05 04:27:38 Ping start http://localhost:4200/warm
2026-01-05 04:27:43 Ping ok (200)
2026-01-05 04:42:38 Ping start http://localhost:4200/warm
2026-01-05 04:42:43 Ping ok (200)
2026-01-05 04:57:38 Ping start http://localhost:4200/warm
2026-01-05 04:57:45 Ping ok (200)
2026-01-05 05:12:38 Ping start http://localhost:4200/warm
2026-01-05 05:12:45 Ping ok (200)
2026-01-05 05:27:38 Ping start http://localhost:4200/warm
2026-01-05 05:27:43 Ping ok (200)
2026-01-05 05:42:38 Ping start http://localhost:4200/warm
2026-01-05 05:42:44 Ping ok (200)
2026-01-05 05:57:38 Ping start http://localhost:4200/warm
2026-01-05 05:57:44 Ping ok (200)
2026-01-05 06:12:38 Ping start http://localhost:4200/warm
2026-01-05 06:12:43 Ping ok (200)
2026-01-05 06:27:38 Ping start http://localhost:4200/warm
2026-01-05 06:27:43 Ping ok (200)
2026-01-05 06:42:38 Ping start http://localhost:4200/warm
2026-01-05 06:42:43 Ping ok (200)
2026-01-05 06:57:38 Ping start http://localhost:4200/warm
2026-01-05 06:57:43 Ping ok (200)
2026-01-05 07:12:38 Ping start http://localhost:4200/warm
2026-01-05 07:12:43 Ping ok (200)
2026-01-05 07:27:38 Ping start http://localhost:4200/warm
2026-01-05 07:27:43 Ping ok (200)
2026-01-05 07:42:38 Ping start http://localhost:4200/warm
2026-01-05 07:42:43 Ping ok (200)
2026-01-05 07:57:38 Ping start http://localhost:4200/warm
2026-01-05 07:57:43 Ping ok (200)
2026-01-05 08:12:38 Ping start http://localhost:4200/warm
2026-01-05 08:12:43 Ping ok (200)
2026-01-05 08:27:38 Ping start http://localhost:4200/warm
2026-01-05 08:27:43 Ping ok (200)
2026-01-05 08:42:38 Ping start http://localhost:4200/warm
2026-01-05 08:42:43 Ping ok (200)
2026-01-05 08:57:38 Ping start http://localhost:4200/warm
2026-01-05 08:57:43 Ping ok (200)
2026-01-05 09:12:38 Ping start http://localhost:4200/warm
2026-01-05 09:12:44 Ping ok (200)
2026-01-05 09:27:38 Ping start http://localhost:4200/warm
2026-01-05 09:27:43 Ping ok (200)
2026-01-05 09:42:38 Ping start http://localhost:4200/warm
2026-01-05 09:42:44 Ping ok (200)
2026-01-05 09:57:38 Ping start http://localhost:4200/warm
2026-01-05 09:57:43 Ping ok (200)
2026-01-05 10:12:38 Ping start http://localhost:4200/warm
2026-01-05 10:12:48 Ping failed: The operation has timed out.
2026-01-05 10:27:38 Ping start http://localhost:4200/warm
2026-01-05 10:27:42 Ping ok (200)
2026-01-05 10:42:38 Ping start http://localhost:4200/warm
2026-01-05 10:42:43 Ping ok (200)
2026-01-05 10:57:38 Ping start http://localhost:4200/warm
2026-01-05 10:57:42 Ping ok (200)
2026-01-05 11:12:38 Ping start http://localhost:4200/warm
2026-01-05 11:12:42 Ping ok (200)
2026-01-05 11:27:38 Ping start http://localhost:4200/warm
2026-01-05 11:27:42 Ping ok (200)
2026-01-05 11:42:38 Ping start http://localhost:4200/warm
2026-01-05 11:42:42 Ping ok (200)
2026-01-05 11:57:38 Ping start http://localhost:4200/warm
2026-01-05 11:57:42 Ping ok (200)
2026-01-05 18:42:50 Ping start http://localhost:4200/warm
2026-01-05 18:42:55 Ping failed: Unable to connect to the remote server
2026-01-05 18:57:38 Ping start http://localhost:4200/warm
2026-01-05 18:57:44 Ping ok (200)
2026-01-05 19:12:37 Ping start http://localhost:4200/warm
2026-01-05 19:12:42 Ping ok (200)
2026-01-05 19:27:37 Ping start http://localhost:4200/warm
2026-01-05 19:27:41 Ping ok (200)
2026-01-05 19:42:37 Ping start http://localhost:4200/warm
2026-01-05 19:42:41 Ping ok (200)
2026-01-05 19:57:37 Ping start http://localhost:4200/warm
2026-01-05 19:57:42 Ping ok (200)
2026-01-05 20:12:37 Ping start http://localhost:4200/warm
2026-01-05 20:12:41 Ping ok (200)
2026-01-05 20:27:37 Ping start http://localhost:4200/warm
2026-01-05 20:27:41 Ping ok (200)
2026-01-05 20:42:37 Ping start http://localhost:4200/warm
2026-01-05 20:42:41 Ping ok (200)
2026-01-05 20:57:37 Ping start http://localhost:4200/warm
2026-01-05 20:57:41 Ping ok (200)
2026-01-05 21:12:37 Ping start http://localhost:4200/warm
2026-01-05 21:12:41 Ping ok (200)
2026-01-05 21:27:37 Ping start http://localhost:4200/warm
2026-01-05 21:27:41 Ping ok (200)
2026-01-05 21:42:37 Ping start http://localhost:4200/warm
2026-01-05 21:42:41 Ping ok (200)
2026-01-05 21:57:37 Ping start http://localhost:4200/warm
2026-01-05 21:57:41 Ping ok (200)
2026-01-05 22:12:37 Ping start http://localhost:4200/warm
2026-01-05 22:12:41 Ping ok (200)
2026-01-05 22:27:37 Ping start http://localhost:4200/warm
2026-01-05 22:27:41 Ping ok (200)
2026-01-05 22:42:37 Ping start http://localhost:4200/warm
2026-01-05 22:42:41 Ping ok (200)
2026-01-05 22:57:37 Ping start http://localhost:4200/warm
2026-01-05 22:57:42 Ping ok (200)
2026-01-05 23:12:37 Ping start http://localhost:4200/warm
2026-01-05 23:12:41 Ping ok (200)
2026-01-05 23:27:37 Ping start http://localhost:4200/warm
2026-01-05 23:27:41 Ping ok (200)
2026-01-05 23:42:37 Ping start http://localhost:4200/warm
2026-01-05 23:42:41 Ping ok (200)
2026-01-05 23:57:37 Ping start http://localhost:4200/warm
2026-01-05 23:57:41 Ping ok (200)
2026-01-06 00:12:37 Ping start http://localhost:4200/warm
2026-01-06 00:12:43 Ping ok (200)
2026-01-06 00:27:37 Ping start http://localhost:4200/warm
2026-01-06 00:27:41 Ping ok (200)
2026-01-06 00:42:37 Ping start http://localhost:4200/warm
2026-01-06 00:42:41 Ping ok (200)
2026-01-06 00:57:37 Ping start http://localhost:4200/warm
2026-01-06 00:57:42 Ping ok (200)
2026-01-06 01:12:37 Ping start http://localhost:4200/warm
2026-01-06 01:12:41 Ping ok (200)
2026-01-06 01:27:37 Ping start http://localhost:4200/warm
2026-01-06 01:27:41 Ping ok (200)
2026-01-06 01:42:37 Ping start http://localhost:4200/warm
2026-01-06 01:42:41 Ping ok (200)
2026-01-06 01:57:37 Ping start http://localhost:4200/warm
2026-01-06 01:57:41 Ping ok (200)
2026-01-06 02:12:37 Ping start http://localhost:4200/warm
2026-01-06 02:12:41 Ping ok (200)
2026-01-06 02:27:37 Ping start http://localhost:4200/warm
2026-01-06 02:27:41 Ping ok (200)
2026-01-06 02:42:37 Ping start http://localhost:4200/warm
2026-01-06 02:42:41 Ping ok (200)
2026-01-06 02:57:37 Ping start http://localhost:4200/warm
2026-01-06 02:57:41 Ping ok (200)
2026-01-06 03:12:37 Ping start http://localhost:4200/warm
2026-01-06 03:12:41 Ping ok (200)
2026-01-06 03:27:37 Ping start http://localhost:4200/warm
2026-01-06 03:27:41 Ping ok (200)
2026-01-06 03:42:37 Ping start http://localhost:4200/warm
2026-01-06 03:42:41 Ping ok (200)
2026-01-06 03:57:37 Ping start http://localhost:4200/warm
2026-01-06 03:57:41 Ping ok (200)
2026-01-06 04:12:37 Ping start http://localhost:4200/warm
2026-01-06 04:12:41 Ping ok (200)
2026-01-06 04:27:37 Ping start http://localhost:4200/warm
2026-01-06 04:27:41 Ping ok (200)
2026-01-06 04:42:37 Ping start http://localhost:4200/warm
2026-01-06 04:42:41 Ping ok (200)
2026-01-06 04:57:37 Ping start http://localhost:4200/warm
2026-01-06 04:57:41 Ping ok (200)
2026-01-06 05:12:37 Ping start http://localhost:4200/warm
2026-01-06 05:12:41 Ping ok (200)
2026-01-06 05:27:37 Ping start http://localhost:4200/warm
2026-01-06 05:27:41 Ping ok (200)
2026-01-06 05:42:37 Ping start http://localhost:4200/warm
2026-01-06 05:42:41 Ping ok (200)
2026-01-06 05:57:37 Ping start http://localhost:4200/warm
2026-01-06 05:57:41 Ping ok (200)
2026-01-06 06:12:37 Ping start http://localhost:4200/warm
2026-01-06 06:12:41 Ping ok (200)
2026-01-06 06:27:37 Ping start http://localhost:4200/warm
2026-01-06 06:27:42 Ping ok (200)
2026-01-06 06:42:37 Ping start http://localhost:4200/warm
2026-01-06 06:42:41 Ping ok (200)
2026-01-06 06:57:37 Ping start http://localhost:4200/warm
2026-01-06 06:57:41 Ping ok (200)
2026-01-06 07:12:37 Ping start http://localhost:4200/warm
2026-01-06 07:12:39 Ping failed: The remote server returned an error: (502) Bad Gateway.
2026-01-06 07:18:11 Ping start http://localhost:4200/warm
2026-01-06 07:18:16 Ping failed: Unable to connect to the remote server
2026-01-06 07:32:58 Ping start http://localhost:4200/warm
2026-01-06 07:33:03 Ping ok (200)
2026-01-06 07:47:58 Ping start http://localhost:4200/warm
2026-01-06 07:48:02 Ping ok (200)
2026-01-06 07:57:23 Ping start http://localhost:4200/warm
2026-01-06 07:57:29 Ping failed: Unable to connect to the remote server
2026-01-06 08:12:10 Ping start http://localhost:4200/warm
2026-01-06 08:12:14 Ping ok (200)
2026-01-06 08:27:10 Ping start http://localhost:4200/warm
2026-01-06 08:27:14 Ping ok (200)
2026-01-06 08:42:10 Ping start http://localhost:4200/warm
2026-01-06 08:42:14 Ping ok (200)
2026-01-06 08:57:10 Ping start http://localhost:4200/warm
2026-01-06 08:57:14 Ping ok (200)
2026-01-06 09:12:10 Ping start http://localhost:4200/warm
2026-01-06 09:12:15 Ping ok (200)
2026-01-06 09:27:10 Ping start http://localhost:4200/warm
2026-01-06 09:27:14 Ping ok (200)
2026-01-06 09:42:10 Ping start http://localhost:4200/warm
2026-01-06 09:42:14 Ping ok (200)
2026-01-06 09:57:10 Ping start http://localhost:4200/warm
2026-01-06 09:57:15 Ping ok (200)
2026-01-06 10:12:10 Ping start http://localhost:4200/warm
2026-01-06 10:12:15 Ping ok (200)
2026-01-06 10:27:10 Ping start http://localhost:4200/warm
2026-01-06 10:27:14 Ping ok (200)
2026-01-06 10:42:10 Ping start http://localhost:4200/warm
2026-01-06 10:42:14 Ping ok (200)
2026-01-06 10:57:10 Ping start http://localhost:4200/warm
2026-01-06 10:57:15 Ping ok (200)
2026-01-06 11:12:10 Ping start http://localhost:4200/warm
2026-01-06 11:12:14 Ping ok (200)
2026-01-06 11:27:10 Ping start http://localhost:4200/warm
2026-01-06 11:27:14 Ping ok (200)
2026-01-06 11:42:10 Ping start http://localhost:4200/warm
2026-01-06 11:42:14 Ping ok (200)
2026-01-06 11:57:10 Ping start http://localhost:4200/warm
2026-01-06 11:57:15 Ping ok (200)
2026-01-06 12:12:10 Ping start http://localhost:4200/warm
2026-01-06 12:12:14 Ping ok (200)
2026-01-06 12:27:10 Ping start http://localhost:4200/warm
2026-01-06 12:27:19 Ping ok (200)
2026-01-06 12:42:10 Ping start http://localhost:4200/warm
2026-01-06 12:42:15 Ping ok (200)
2026-01-06 12:57:10 Ping start http://localhost:4200/warm
2026-01-06 12:57:16 Ping ok (200)
2026-01-06 13:12:10 Ping start http://localhost:4200/warm
2026-01-06 13:12:15 Ping ok (200)
2026-01-06 13:27:10 Ping start http://localhost:4200/warm
2026-01-06 13:27:20 Ping failed: The operation has timed out.
2026-01-06 13:42:10 Ping start http://localhost:4200/warm
2026-01-06 13:42:16 Ping ok (200)
2026-01-06 13:57:10 Ping start http://localhost:4200/warm
2026-01-06 13:57:15 Ping ok (200)
2026-01-06 14:12:10 Ping start http://localhost:4200/warm
2026-01-06 14:12:20 Ping failed: The operation has timed out.
2026-01-06 14:27:10 Ping start http://localhost:4200/warm
2026-01-06 14:27:15 Ping ok (200)
2026-01-06 14:42:10 Ping start http://localhost:4200/warm
2026-01-06 14:42:16 Ping ok (200)
2026-01-06 14:57:10 Ping start http://localhost:4200/warm
2026-01-06 14:57:15 Ping ok (200)
2026-01-06 15:12:10 Ping start http://localhost:4200/warm
2026-01-06 15:12:20 Ping failed: The operation has timed out.
2026-01-06 15:27:10 Ping start http://localhost:4200/warm
2026-01-06 15:27:16 Ping ok (200)
2026-01-06 15:42:10 Ping start http://localhost:4200/warm
2026-01-06 15:42:15 Ping ok (200)
2026-01-06 15:57:10 Ping start http://localhost:4200/warm
2026-01-06 15:57:16 Ping ok (200)
2026-01-06 16:12:10 Ping start http://localhost:4200/warm
2026-01-06 16:12:20 Ping failed: The operation has timed out.
2026-01-06 16:27:10 Ping start http://localhost:4200/warm
2026-01-06 16:27:18 Ping ok (200)
2026-01-06 16:42:10 Ping start http://localhost:4200/warm
2026-01-06 16:42:18 Ping ok (200)
2026-01-06 16:57:10 Ping start http://localhost:4200/warm
2026-01-06 16:57:16 Ping ok (200)
2026-01-06 17:12:10 Ping start http://localhost:4200/warm
2026-01-06 17:12:17 Ping ok (200)
2026-01-06 17:27:10 Ping start http://localhost:4200/warm
2026-01-06 17:27:20 Ping failed: The operation has timed out.
2026-01-06 17:42:10 Ping start http://localhost:4200/warm
2026-01-06 17:42:15 Ping ok (200)
2026-01-06 17:57:10 Ping start http://localhost:4200/warm
2026-01-06 17:57:15 Ping ok (200)
2026-01-06 18:12:10 Ping start http://localhost:4200/warm
2026-01-06 18:12:15 Ping ok (200)
2026-01-06 18:27:10 Ping start http://localhost:4200/warm
2026-01-06 18:27:16 Ping ok (200)
2026-01-06 18:42:10 Ping start http://localhost:4200/warm
2026-01-06 18:42:20 Ping ok (200)
2026-01-06 18:57:10 Ping start http://localhost:4200/warm
2026-01-06 18:57:20 Ping failed: The operation has timed out.
2026-01-06 19:12:10 Ping start http://localhost:4200/warm
2026-01-06 19:12:16 Ping ok (200)
2026-01-06 19:27:10 Ping start http://localhost:4200/warm
2026-01-06 19:27:20 Ping failed: The operation has timed out.
2026-01-06 19:42:10 Ping start http://localhost:4200/warm
2026-01-06 19:42:13 Ping ok (200)
2026-01-06 19:57:10 Ping start http://localhost:4200/warm
2026-01-06 19:57:16 Ping ok (200)
2026-01-06 20:12:10 Ping start http://localhost:4200/warm
2026-01-06 20:12:16 Ping ok (200)
2026-01-06 20:27:10 Ping start http://localhost:4200/warm
2026-01-06 20:27:17 Ping ok (200)
2026-01-06 20:42:10 Ping start http://localhost:4200/warm
2026-01-06 20:42:15 Ping ok (200)
2026-01-06 20:57:10 Ping start http://localhost:4200/warm
2026-01-06 20:57:14 Ping ok (200)
2026-01-06 21:12:10 Ping start http://localhost:4200/warm
2026-01-06 21:12:16 Ping ok (200)
2026-01-06 21:27:10 Ping start http://localhost:4200/warm
2026-01-06 21:27:18 Ping ok (200)
2026-01-06 21:42:10 Ping start http://localhost:4200/warm
2026-01-06 21:42:15 Ping ok (200)
2026-01-06 21:57:10 Ping start http://localhost:4200/warm
2026-01-06 21:57:20 Ping failed: The operation has timed out.
2026-01-06 22:12:10 Ping start http://localhost:4200/warm
2026-01-06 22:12:20 Ping failed: The operation has timed out.
2026-01-06 22:27:10 Ping start http://localhost:4200/warm
2026-01-06 22:27:15 Ping ok (200)
2026-01-06 22:42:10 Ping start http://localhost:4200/warm
2026-01-06 22:42:16 Ping ok (200)
2026-01-06 22:57:10 Ping start http://localhost:4200/warm
2026-01-06 22:57:16 Ping ok (200)
2026-01-06 23:12:10 Ping start http://localhost:4200/warm
2026-01-06 23:12:16 Ping ok (200)
2026-01-06 23:27:10 Ping start http://localhost:4200/warm
2026-01-06 23:27:16 Ping ok (200)
2026-01-06 23:42:10 Ping start http://localhost:4200/warm
2026-01-06 23:42:15 Ping ok (200)
2026-01-06 23:57:10 Ping start http://localhost:4200/warm
2026-01-06 23:57:14 Ping ok (200)
2026-01-07 00:12:10 Ping start http://localhost:4200/warm
2026-01-07 00:12:17 Ping ok (200)
2026-01-07 00:27:10 Ping start http://localhost:4200/warm
2026-01-07 00:27:15 Ping ok (200)
2026-01-07 00:42:10 Ping start http://localhost:4200/warm
2026-01-07 00:42:18 Ping ok (200)
2026-01-07 00:57:10 Ping start http://localhost:4200/warm
2026-01-07 00:57:14 Ping ok (200)
2026-01-07 01:12:10 Ping start http://localhost:4200/warm
2026-01-07 01:12:16 Ping ok (200)
2026-01-07 01:27:10 Ping start http://localhost:4200/warm
2026-01-07 01:27:16 Ping ok (200)
2026-01-07 01:42:10 Ping start http://localhost:4200/warm
2026-01-07 01:42:15 Ping ok (200)
2026-01-07 01:57:10 Ping start http://localhost:4200/warm
2026-01-07 01:57:15 Ping ok (200)
2026-01-07 02:12:10 Ping start http://localhost:4200/warm
2026-01-07 02:12:15 Ping ok (200)
2026-01-07 02:27:10 Ping start http://localhost:4200/warm
2026-01-07 02:27:16 Ping ok (200)
2026-01-07 02:42:10 Ping start http://localhost:4200/warm
2026-01-07 02:42:15 Ping ok (200)
2026-01-07 02:57:10 Ping start http://localhost:4200/warm
2026-01-07 02:57:15 Ping ok (200)
2026-01-07 03:12:10 Ping start http://localhost:4200/warm
2026-01-07 03:12:16 Ping ok (200)
2026-01-07 03:27:10 Ping start http://localhost:4200/warm
2026-01-07 03:27:18 Ping ok (200)
2026-01-07 03:42:10 Ping start http://localhost:4200/warm
2026-01-07 03:42:15 Ping ok (200)
2026-01-07 03:57:10 Ping start http://localhost:4200/warm
2026-01-07 03:57:15 Ping ok (200)
2026-01-07 04:12:10 Ping start http://localhost:4200/warm
2026-01-07 04:12:20 Ping failed: The operation has timed out.
2026-01-07 04:27:10 Ping start http://localhost:4200/warm
2026-01-07 04:27:15 Ping ok (200)
2026-01-07 04:42:10 Ping start http://localhost:4200/warm
2026-01-07 04:42:15 Ping ok (200)
2026-01-07 04:57:10 Ping start http://localhost:4200/warm
2026-01-07 04:57:16 Ping ok (200)
2026-01-07 05:12:10 Ping start http://localhost:4200/warm
2026-01-07 05:12:14 Ping ok (200)
2026-01-07 05:27:10 Ping start http://localhost:4200/warm
2026-01-07 05:27:15 Ping ok (200)
2026-01-07 05:42:10 Ping start http://localhost:4200/warm
2026-01-07 05:42:15 Ping ok (200)
2026-01-07 05:57:10 Ping start http://localhost:4200/warm
2026-01-07 05:57:14 Ping ok (200)
2026-01-07 06:12:10 Ping start http://localhost:4200/warm
2026-01-07 06:12:18 Ping ok (200)
